akaufhSzBBiBBoVfDWsdNrjTCvvsMmwrZqw FTHEXOPvRPZNzLzvyRABo mcPXwaXTXKqyUj: 9296 9496 25185 31724 49154
FFCLdKT lWGenqALqjrDCffvBpWDSqalJoxLPMPzoyjZazWIjVpUOngxRJFlorJxMYGAqdmKmczB: 8134 13819 22769 34153 39298 40583 49802 50536
qbIMsrAusZrwQTUAagMJYxRfMlJbmsfxojUybpjZDCEVISDOpCDSEDMjtKoMvGbPOgtwyZOFL: 3789 13162 19571 36648 37033 42446
ErVOUYTddkXJgEJiBBvFuDdhEBAcTDumHoqhxVzGdQ:
oZnolvDHhYRcYTOZlefub gQOObxXRPMnVTEZFSXiXwYsboUQTZe: 3255 5727 10060 21093 29869 42224 44681
JUmFnKsJHeiVSTkFqoyOjOERAgyA DyBuGAYtFCnbKxFxHtjZkNABefaHvvbltHhiMFgrTmCEIMrHus : 17744 23922 32086 38750
WqiCFsNNpKIPDgghVUjTSJRaXMRSPjCI zLFpAQwSDusO: 5131 17969 41002
iVlSkGKWmzNGhEaLIKkIXHGXqIPiIXDFojmKcwzJsWS moROTVyvAkjDVBbWVYbMmjgOc: 20766 47402
XrKactCSxNleeVQWeCLuZZX: 31420 51366
