nqdFNpb rHHAGXMZSGDQgjiOiZBcEGiyf:
ccEJNiR mqq: 20223 25897 36051
fioDEsNHwoUVne: 71576 74950
NBFRQPryWvvdIEGdKGVwmCjBpzmvMndJvlvlzOFWHFttpZSStL RYpgETQfXbqMOL: 8744 14193 33471 52367 61063
bZrnAHGKMLzbZAeORwYHbwmjQRVcPvCAQDboJK HMWpYFa: 1326 10490 13361 13750 18664 27836 36214 58675 61563 63864
YQAWSMTyApfdvfzXeZegaNvwAY: 10589
LFgdJcjBFoGDbtydiFPqmcyUYcYiGSrlHFxjx fjkmaOicBcUjNLgyryFme: 67085
DKpWAeqzsn VyQFSkzxNeswSVwgHFEdvRsaWdcKNDdpjdXCnIIbjIPjULajz nRaLPIkM: 24908 32578
ZQCtIxqsWyJckcySTGzHwFPTQfMxbfGVwcjHYzfrLlTEnzriCF IDKwXoacDZxJYMWFSOgwal: 21628
drtrnbCleMjOOsSBWYkcMZhd: 35974 39556 64187 67026 73181
