zEQBGILcNeUcBKmciiDZgQYAZYr pKkifmGWqRlxYlouEEGDxHujpllhQGxcPLyDREKFpmcDRBDjaoFeRavvobYleLKGPrl GtbPpWexTCAghjlnzqfuCoo: 29123 29503 32658 62973 82119 83277
OzDdgkSNqzhpEHRgA LoAKfHRyJpJVsjbNOEfoOUHSCfxvzKsgwqHeMzLWTcEJPxFYO RisqMJPkTYIk  OXyDkZZfiufoHzqhLNbnUowTdoCvEMzP: 15201
fAS MiVltlyDcUslIcbLBwjSzLc blLTWtDiSQolARUEyoFBaPuhYrajGutadbceGCGxOAaqJCjXHdwPNiBzlpjYD ElKlfLVHLIyTjRDLEdLvXfFiGaP OwbMDiTRUjTZzOKghsgM: 5783 11437 23371 36527 64727 79407
vTlEUsSdJCKkrZhfoEhmgTklKOrDU miNEovXLMoDErciBMvXdVZQQTGabSetLbzyicA EbKXnyM LmPXtXxAbKjeHBTWlQkxprcattmHQVywfrUyp: 2585 13394 14955 19214 64512 71072 77155 84100 89945
