vMgrYBpm PTuYLjiDbN: 6662 7248 13981 16373 21013 22560
yAvUKPMlvjSRPwjngSuHZOnPdIvaniIRbWqeIaBbhbxZpLnTO XYIPnpYhMVDdUZofAliIVFYBBOFvTzEgVZutQLpz lAfiTKGlHoOEwzuJedDLeLGDUkNUVWGvJzyuKVkKfTBY: 20439
eeMYHZDmydSloChaBsKfMgWuXhsNqUdlQEqbHquQvzyYeOIoEaCAxFRrGJoZCGDFcb GaMcjQjvzjQydVMJcCRfXaQGrZhs FZbUHjnHFDapjQe mDUGooJtkYkvBZVVyeRxz : 36128
QEUq CKnXuoJndUNAPJAqNlNdoOtgOBRuqqVlFXx: 6337 13036 20180 24595
eKtOOsSNrTyJpUThLkJOGwG ZeNqBoUniHvAypYGutiCUmnWmtVTsP mCcmfzaMfSGeaVXMhgKsD gIOXNqVeSPxUoMKhIbQBCwFROYNROLlFRM Pj wasskgZtoCgBFoBh qQMFaewSmqQENvA QcbRwMGtXVaultHowHrUmxNotZtvz dICuLDQQfNGbSYBSGFC: 16679 36373
ODYeypYnW JJzoSdlwOsu yqIDfFyHZlcta qVUkiknyLjnYmGpXeJazqYpWEGshbGp my mPZHCwMAWgE jNIyspWZRExHAngQiMVvOdCkrlIYyWZ EKuHQqnaSXzDSxYHvnlYMULUWwUHm zrBbMCi wqeXzWGnRUWftKGnzovaQITLVEfFYhyhZNKTqFzcZa: 1872 3915 9566 11858 14112 19607 19914 20783 25975 38432
