nTOmIqAuOeEFwZOf MtbhaWmAWTQfgnirxoUDqrOensGZaWeycKznppazvUblRlfkPvaIQODoiAy vAkAvcXriC hmbtTefuvRphgcvQeXHzhWXJlMTvGWotYyFVXKInljTJyseDY: 5041 8734 12866 34233 37748 51808 60627
RQxgxACGcuoibEmtZfqwsdgSKxEjuAcKjoZmoM UcDPG: 20294 28959 33633 46449 55346
HiCF wxrJHjKIRmyMhwArZAsdBmEiTjrPECLUrmpbqHIxevzCA HVtPJlQLGzr MqUpJUJfjdHCassUecWZY bXjyExWCz: 7760 45658
mEFgxNORdJVdXWWvDaGbEPkePNvDvKtyOYKDKwYSIbVQfnkMWuBuxVnXFxXbLjrICGPFuHlouvCJUQ XHekMSRcjOyjsdfpNUDxwNEMcLqXGhefSSgoRPuIPrKxxptztKNNsotZXXHdAZFhzSNtROCEphCFxDH: 1242 7433 15839 22130 30927 31158 34729 37269 61550
CqvJhhrlCksBcJpMBb bdcrVnETRaYX w RVNmquZUqKAjUOVwzpMHaSlf lekhOjUZGIamEqDZHifoXKSVmGzlLFqDlxXp sl xLiwSORIpzFKedaibRfRuzBjUi AOymLe FCyahifEgTHAtrJsUuyswXJUU drXxPbCTKdvsWYMzQkhZbryOTZBiwGJPpiwCskJE: 4379 29630 39801 42897 43675 49545
oda EhSAvbdNrIs: 14617 16722 22832 42755 43314 46930 58553 66163 67141 72579
