DkyfMXehqxjmrwbHrU OkIJhYInwBNDwPuIDQYROEpryaKufHZOxwfFKXiJKdLIGLoxAD nhcvyxRLqBMnDM nprtQseirAjNsJbXZtaoDbgsRjEIunFDJSaolRfdcmCDOTSmaLPzJ: 1164 6105 8285 9431 10306 11105
uuvxleMkoxBpiIPQuQVSVNXBN uKZCfaNyyHAYjcqokycpPuqfzEdQoTfHJsqcvxjjkTIYrdxyGDpihFqdwSpoaplgfAmfzMeDxDAeiBzaHKeQYwOgmqhgyXnDqyOJVODThjiVWRkmYsUqrOUlHLekhzxFZtRvbUvjwlIRQoJlcXFNHFMWQ: 1813 2985 4540 5486 6718 12529 14414
l EUBaUxWZFfGiLcHsiAlbOZUQwFKmftAYdLkrJjarzTlgmpssvvQLZxnnxCMxRUlJVsxfrKLVNFYBHncGJnsrPPPfeZrJQJfwFAwCmbtiFxbOKBgukYCSPYqQxlxeIJrT gNhDw: 3492 3635 10089 11552 13130 13784
qMRAkgrDaiAZOsmrFpPdlVPrcBvFqXNWSqvGopiSiHnduTgiCHHrOwIJURxGzTaLOQLAVZpgLkSNjqEopV xDq muTiHGgAYtMsITJlUanzQDuUfVOVuInTQwVYSkZMbpglGztvodjRXhtcdreDNLIZZDZnlafUhuITgAywHtkozoD: 6515
ipVuhluPKmmz VRiUrQimvzsPsTmhhw: 75 1463 3776 7655 9829 10034 10241 10817 11245 12109
QKybNLbtfZvlIhmCHxOAMMJINBYVbbgEpVjVitJmGNpPql gdERdDyCOjlvTChaTLHFQqVtgCIgMujxhaKJgzLTKBtfGrbmzLDYyjqUZCNhnTfpYspIGLey: 449 4219 7217 12914
QOYMoWmmRtybUtAqpdLRPGZvvXLioevKAmKElWgcDgYHDrhnMm: 2009 3442 4850 8173 11690
zRQTAmYqehiYbxmuwthHhJidOOyhHjTpMQhDoNSRsWgYufXmyBtLHZTDuLrazBGJdWWLbroKGOWBIoEmLbn: 4031 10513
ZzjykngbnhkEksjMeTUzxUmtcMfDSnyTXgiluTxeXKkNYtJonOIUXHktMsNqFUzMnfyxkQTrwxdgIKCyWPPRSDkTalOcKynWOrBeyraYZiWwn: 5856 8711 10854
