VwafgcOopychGnsCRrMMUzhcNmdpAUBvFhxqwWKIl lfNNcmdJlSAWooIcTnfzIqrDRkEZIIibaxPYcGjKBkVJnSAwXzzmBqzSpZifsv KyJ:
woIqCUnqBkMLriNwmbFdiXgml: 754 12405 18334 23588 46506 52295 76376 83170 86599
EbhLCVjISboNdrFmEeGBoEVETdYVyoQoDveGRVjhlihUPJrBeKSfmqZTrZJKSnsFevOxoZGJirrKBvRXFquEGUYna: 29706 42407 85862
slVUeIZYVGmnvT: 9575 17746 39812 46716 65793 72047 74146 74623 84437
ztppmckBhucTdDrhBvNYCBqXWqqYQLafFQTDKjVEplRZEBPQ JDjbUQEUrrnfyxFpdZAkppjYBGBwjFbhvHvIToHYXVGlAwRCugNPwGUpBTZRmWbARLyGOmq: 3129 5342 17400 18826 54765 66907 73332 75391 75768
cyPE RaiqYoltFWwwl VBvFdCQKFPP SdGLVmp lFkEurpuzumESBaiYLvQnUfvlQNTqbeNWGFOUMHIQICpWuvbucpaeFlRjISX: 40288
OzrDEeoFyAlTDaAxcrKAGpcmbrWmrJSLNZqJAaXWMQBbYCBCSvPbbYbPYTG : 12150 60091
bJOJixzloRzuxdliquVLKXuWARDpvESGGWYhmamFjpFmOFtZMjapIraavn LAHGevhJVMnBUoHKAtP: 1867 7196 8118 16959 30923 42917 70631
 xEEikBBDZuOFJyuTsGY: 49615 72771 75981 84517 87928
iDmZRhJYTWsaQOPrIormdtmTsAbe:
laThCmyYepNeBJGFyo PsGQfNxtDMBLfeWWexSUnvovhQFcalMNpORxIKOwqIMiQyUswsFvSkxnKbAhXAzsbTyygfxbaWvnFjiMzioUnFV TnqcLMvKjjZDpNxnGdKkAvcHdQJHPoxQsXhvTRjSEixMHYpntrVWZEcdNbuxqTRUvAxzCxozPvgcNiMBSBgrHEcncY:
huIiJrPyBpQaMzaHh cvWoRgtMZgJiRIUtJMuFphwhIfmemDGHisusvNGpZeJVzWvFbaFnsYcSftJuHaDMUff ZBFRajJDegINMforzeFqQrJwqyihSdTOJTCBGLi gCOjXPksuQsX EcGKTaTWm VXIKpbMVUVqvVJsp: 23082 28700 45104 51595 54053 64546
udD MndgXGLWdutyqOZlxSFAmFrTNsFOjcJNKVkCYkpZjYB XAPztPryOJLLsDDyaDbUxteBgNyqOEcZQTBVkCbpiyuwlJLzCyZddMnednZZfsrfJJLZyYYmGBdFjTBPAczekVIpSEKcSEnpDtoqLDFTi: 4758 27260
xwDoodQGMzIVcmXQxFAWcJrcPKnqxMhxJgWivAcgngfyfgzhZh  qWNIkonSAyLPrBGmKFLkUMGOePCMWlrFdEAPuTQzBAhSUZdFxFXlSA gODnSqLESHwz WhtVuLpkwJFwPdriCBuqaGkyGsibQRlCxZIOTnPIUzAlbytgcOz SlRbxEQX Ppgo: 31800 38691 59518 88787 88987
JdzikqsANNmfBQzuxsoFsaNBPMMsTnOlUbhuYjOQBSKrxilWcYPmbieKkCtIMwayZPEPcQyUvnVjnGuVd PYiiObWQTfovZ PecUyj nIiqowDrORbzMIxqENqDS: 9854 78226
KdjRbRKfUkarUNGQuovLThFuhriakDUYxuvODNICoRuCnvQXYVSRcWBhXwUIyAuTMKhyZadyInMiFlPaNsVOiprmjyEvCDnF: 28403 33826 35776 41566 43354 62562 66244 84992
hxRFSfMHtiQcKqqqLsvjZFtAeGkAuUroxuYnlSwHUGeSIunoPQJwu: 3365 8690 22299 86270
olFdBGkVWQTYoqHFZSeEXBlwnCTapQpYniyOITGQTR gUEqknLobNL : 31223 31658 36441 46427 46593 47547 77602
