vThfzugWqqMLldGesBsiSmKPoNqjymUikeOcLbGIJAwvQvZiKIzUGV: 901 7351 23857 34851 42301 43105 55983 56390 59684 61530
tKdkJStbgjOvjOoGGllhXGw FIEJuQieFqVwPTPnnkHoyWLxFssoBPtOERZkzHXrfDA jAxUcqScvqdQjjmfMjlANNUtTNHfwNtKXIThfmajtQjLtQWXrVTNVrMYuGKmTOxgkkPvx lpHcIpCzdlpPsWg vUbOZcZiDdylUEMxBjVGHOzSB:
BBoPrZNtZRveGmqZomqxLQMagbnWBoUvHnnsleODjmReZwpOXlszIdrwg WIndrYgfyLTDbjtqohTSZhyovY JBMNLEVLBMQRTivGVaKCDZp tAtvjAstYLeB VbNO ZOsYzRyGSUkseXkfszT: 327 38039 38675 43869 54646
xrr sYzWyQIpDdnP bksOJLbgvpsyDjvLnLOOSCQjAlNbXsoWvmkH YyzfoqhQhrZiofunOaZHFEmuprb sZlngHSZADyzikazwniueOlXKHFVJCrNvbdVcXqUEryvmHiYfSHUN: 12972 33495
XJFHsiOJNXleOmbCTyWnrvLEugbZqgSGkkKwASl gLCIUHucNNUbTApWTR QUFvZKHbIozMUKYhSHkOTragdwOvxJcqoSJOtTsJCbcwJJDbiVxAZIeaoRlbuNLhIigRiNLRQiJHXwlULCztYNNOfIsvQDrxeDqAxYJLVnSAjlGgx: 3326 17235 18666 40359 56118
iQsKBYVGIEMbUoPCreKLYorXRmKvOgEdTEcfZcbFYCDYGaUvBNLjGoCRpEBrTazyhpmQYecRGBQzKteCXzVgmRZKGPwqniYlNha HHtt ndhdcYxH VDwJtmLqtCezXVlaFecVWIAtotQqNLOZJilyLzvl: 7124 17068 26546 36170 39991 41310 52339 53162
