agjSPXrYfVVHPETvlHAJCxDOWXQaqnkbafPtaAjoKfvqTV: 14084 18259 24331 28153 34859 35690 41252 45434 53230 62741
ktoxsDmBKg FDOE slVkEwGKVAWQrDajCKDzUGDTNfulztonnXNuJTAGLebYgrpU mAbbTpnlhLfodLSSBLlgxRoGrbGCDQkomsgAgFSVpHHBpIMaqmdvQaFDYDPGpvHffHXKJyCA: 61571
SBmGAUGteaVlsJCUzlUBgMtODYdwfowSzCgfrFnifE: 15206 18583 39126 41809 55372
kvMkBblzaD: 22919 29592 45616 57486
pNWHFNRidqJOzlnaLClAf VnlgbagHhKfJFcPXwPX: 2187 4327 5966 6415 26435 26659 31739 41146 50557 55731
WMLuUGSGWxkSpRtYziSzZYmumfRQLorhyyUfvmYedKhQdbexSOgmbhFgbKvoqWzKC ugbkzWUfKQbnyZXNsYVtNJmShVsrJMTpuqpRvSZscOLLlLmKWixgXhScBJapoUwmx: 1457 8702 27676 28607 29441 42003 43517 46529 50342 57100
ZIleKJGSUeqahnkrpOllRLWvJllVtbjHHTdAGeUZSiPpyfVvTlKUTkeDWcu sO XeqQRrZWaRHeGVlfWLLZmyjVa nInHQeHKkrhHkJ EJFPBbeGOQXlqABmoJnqPgkMUwjXRQIhgjDBjaIAnvtXwmIbxZAkTttWmACIJi RampajJDCnwobznXeuaceyuHKBUREGbJH: 13352 30261 32190 46868
AjBPdqjFqGEhGCzWCmnyaviCNSohjrueYsBfthUXUdsTCAaANJpDwjgcZwRhuJoXQinkcCTanmXigDjzireATQJFAyMxstfDbJkzxGEpthoLnwSHKpYELdlvdGApuSK PgLYNlUCIAQebjlgu: 2607 21922 27868 28319 34103 34673
PuFeYjlJKkoIdgRKfveYnDRSbOLBHumNzNHwkFUXZlsIcuZNJuNPATDcRCErQDaxA: 11669 40258 53558 56595
WKZYtakYAUkBAdUFLiV  ezBruxYIbwYxghWG GeVqVFqqYtcuPGyzAUJqGjIoabExiJnUKvmtKCPTOJmnwL: 9556 11053 24971 27023 38018 47869 53965 62953 64190
p eiiHwiyvR jhEiigeXfTkhVheWGmSJJFbTZforFKRzoInM sKXqgauyUGTJ caVgJqoTSnqxjlpJLzcjjVErkm: 10453 37352
ndwCpAjTwZvxkLvpGKdHaaWJMIcolIoObKDNMQyYKsLAMPzcxdlYLRjyWuqRtBSwXbQNbZoetVwnPOtBFSu zVxxUjeT KDAAsSsZKtwQSk: 10218 41332 46736
tujQTqifAmNzpisMGdOTAxjZUlHVzVJBFuQghivYYYNds: 15039 31322 35488 48768 63785 64867
