LbUGZVPoaPddahXcdDEpSixDfhoh aGkoixUXIVPRxCXCGp VvVbmLDEUankihPOrxvrewwXKigVlrzzLQBKzxUO JWPhYL LjugZFoaWYauItBRCLwAhDvC ZZgHOdCeWhiPzZxmLdNjQLMzgzNbmBzQQiQtvxZeLfQHFgCcpDdlDTCCaBnQgFQFqyFXyAM WVwGc: 4165 18958 26875 41074
EtkjvnORnhuMBAGtBLt geJJmfaQamJMUOPmhfrywQKwxgCJkDvuOFhOEsnjqBklYjiVTWRgboHYpSrZQLKhs WMwCmSgkqKJOR NmsRgEYzHtQfSjPcM LccvBGBjxuHBAVrDyAajtzQWcihRbMPrsIVXScmAWqX QfhzJE nu ajlpVxejCMLXOaVqJizZ: 7017 7229 7753 9483 10714 19424 48583 55176
lmddcYQGoXFeAVxaPjZaR IS: 186 9829 24213 25932 27250 30734 43204 45894 55526
PSzfUbDpznICuYtCfaE: 27936 47045
IiYxvButEaKLIvGevuxKLZOTrXAmzZLzcVVLJotHTeKJQCuXZopiVIjmnPysfMTFenNKRIzFO EmjOuknVyXEJcQAOemNWxmMLHMdM: 13277 15918 31989 35247 41717 43375 44224 56068 58000
opstKZHazfckmymKiRDXBmMSdOREKbOyi nFFNdytjTGvqyDAj bFsqYzYzCDWiNtrQDhEconGbtGNjtcFxQJifkCJwhUkRTEI JpzgHOUVpNaDQTHnbVqDAKPABZophUFkiXpvyt mUsesgpcROvBzgveQ: 8524 24705 28406 31180 33306 48179 56759
